2026-04-24 13:14:14.192 [main] ERROR c.baomidou.mybatisplus.core.MybatisConfiguration - mapper[com.example.student.mapper.AttendanceMapper.getClassesByIds] is ignored, because it exists, maybe from xml file
2026-04-24 13:14:14.192 [main] ERROR c.baomidou.mybatisplus.core.MybatisConfiguration - mapper[com.example.student.mapper.AttendanceMapper.getClassAttendanceStatisticsById] is ignored, because it exists, maybe from xml file
2026-04-24 13:14:14.237 [main] ERROR c.baomidou.mybatisplus.core.MybatisConfiguration - mapper[com.example.student.mapper.ClassMapper.selectClassList] is ignored, because it exists, maybe from xml file
2026-04-24 13:14:14.261 [main] ERROR c.baomidou.mybatisplus.core.MybatisConfiguration - mapper[com.example.student.mapper.CourseMapper.selectCourseBySemester] is ignored, because it exists, maybe from xml file
2026-04-24 13:14:14.261 [main] ERROR c.baomidou.mybatisplus.core.MybatisConfiguration - mapper[com.example.student.mapper.CourseMapper.selectCourseCountByDepartment] is ignored, because it exists, maybe from xml file
2026-04-24 13:14:14.281 [main] ERROR c.baomidou.mybatisplus.core.MybatisConfiguration - mapper[com.example.student.mapper.CourseOfferingMapper.getClassIdByCourseOfferingId] is ignored, because it exists, maybe from xml file
2026-04-24 13:14:14.281 [main] ERROR c.baomidou.mybatisplus.core.MybatisConfiguration - mapper[com.example.student.mapper.CourseOfferingMapper.selectAllSemesters] is ignored, because it exists, maybe from xml file
2026-04-24 13:14:14.404 [main] ERROR c.baomidou.mybatisplus.core.MybatisConfiguration - mapper[com.example.student.mapper.NoticeMapper.selectPublishedNotices] is ignored, because it exists, maybe from xml file
2026-04-24 13:14:17.360 [main] ERROR o.s.b.diagnostics.LoggingFailureAnalysisReporter - 

***************************
APPLICATION FAILED TO START
***************************

Description:

Web server failed to start. Port 8080 was already in use.

Action:

Identify and stop the process that's listening on port 8080 or configure this application to listen on another port.

2026-04-24 15:13:27.557 [main] ERROR c.baomidou.mybatisplus.core.MybatisConfiguration - mapper[com.example.student.mapper.AttendanceMapper.getClassesByIds] is ignored, because it exists, maybe from xml file
2026-04-24 15:13:27.558 [main] ERROR c.baomidou.mybatisplus.core.MybatisConfiguration - mapper[com.example.student.mapper.AttendanceMapper.getClassAttendanceStatisticsById] is ignored, because it exists, maybe from xml file
2026-04-24 15:13:27.629 [main] ERROR c.baomidou.mybatisplus.core.MybatisConfiguration - mapper[com.example.student.mapper.ClassMapper.selectClassList] is ignored, because it exists, maybe from xml file
2026-04-24 15:13:27.659 [main] ERROR c.baomidou.mybatisplus.core.MybatisConfiguration - mapper[com.example.student.mapper.CourseMapper.selectCourseBySemester] is ignored, because it exists, maybe from xml file
2026-04-24 15:13:27.660 [main] ERROR c.baomidou.mybatisplus.core.MybatisConfiguration - mapper[com.example.student.mapper.CourseMapper.selectCourseCountByDepartment] is ignored, because it exists, maybe from xml file
2026-04-24 15:13:27.698 [main] ERROR c.baomidou.mybatisplus.core.MybatisConfiguration - mapper[com.example.student.mapper.CourseOfferingMapper.selectAllSemesters] is ignored, because it exists, maybe from xml file
2026-04-24 15:13:27.699 [main] ERROR c.baomidou.mybatisplus.core.MybatisConfiguration - mapper[com.example.student.mapper.CourseOfferingMapper.getClassIdByCourseOfferingId] is ignored, because it exists, maybe from xml file
2026-04-24 15:13:27.858 [main] ERROR c.baomidou.mybatisplus.core.MybatisConfiguration - mapper[com.example.student.mapper.NoticeMapper.selectPublishedNotices] is ignored, because it exists, maybe from xml file
2026-04-24 15:14:52.893 [main] ERROR c.baomidou.mybatisplus.core.MybatisConfiguration - mapper[com.example.student.mapper.AttendanceMapper.getClassAttendanceStatisticsById] is ignored, because it exists, maybe from xml file
2026-04-24 15:14:52.896 [main] ERROR c.baomidou.mybatisplus.core.MybatisConfiguration - mapper[com.example.student.mapper.AttendanceMapper.getClassesByIds] is ignored, because it exists, maybe from xml file
2026-04-24 15:14:52.950 [main] ERROR c.baomidou.mybatisplus.core.MybatisConfiguration - mapper[com.example.student.mapper.ClassMapper.selectClassList] is ignored, because it exists, maybe from xml file
2026-04-24 15:14:52.975 [main] ERROR c.baomidou.mybatisplus.core.MybatisConfiguration - mapper[com.example.student.mapper.CourseMapper.selectCourseBySemester] is ignored, because it exists, maybe from xml file
2026-04-24 15:14:52.975 [main] ERROR c.baomidou.mybatisplus.core.MybatisConfiguration - mapper[com.example.student.mapper.CourseMapper.selectCourseCountByDepartment] is ignored, because it exists, maybe from xml file
2026-04-24 15:14:53.002 [main] ERROR c.baomidou.mybatisplus.core.MybatisConfiguration - mapper[com.example.student.mapper.CourseOfferingMapper.selectAllSemesters] is ignored, because it exists, maybe from xml file
2026-04-24 15:14:53.002 [main] ERROR c.baomidou.mybatisplus.core.MybatisConfiguration - mapper[com.example.student.mapper.CourseOfferingMapper.getClassIdByCourseOfferingId] is ignored, because it exists, maybe from xml file
2026-04-24 15:14:53.138 [main] ERROR c.baomidou.mybatisplus.core.MybatisConfiguration - mapper[com.example.student.mapper.NoticeMapper.selectPublishedNotices] is ignored, because it exists, maybe from xml file
2026-04-24 15:15:04.519 [main] ERROR c.baomidou.mybatisplus.core.MybatisConfiguration - mapper[com.example.student.mapper.AttendanceMapper.getClassesByIds] is ignored, because it exists, maybe from xml file
2026-04-24 15:15:04.520 [main] ERROR c.baomidou.mybatisplus.core.MybatisConfiguration - mapper[com.example.student.mapper.AttendanceMapper.getClassAttendanceStatisticsById] is ignored, because it exists, maybe from xml file
2026-04-24 15:15:04.558 [main] ERROR c.baomidou.mybatisplus.core.MybatisConfiguration - mapper[com.example.student.mapper.ClassMapper.selectClassList] is ignored, because it exists, maybe from xml file
2026-04-24 15:15:04.581 [main] ERROR c.baomidou.mybatisplus.core.MybatisConfiguration - mapper[com.example.student.mapper.CourseMapper.selectCourseBySemester] is ignored, because it exists, maybe from xml file
2026-04-24 15:15:04.582 [main] ERROR c.baomidou.mybatisplus.core.MybatisConfiguration - mapper[com.example.student.mapper.CourseMapper.selectCourseCountByDepartment] is ignored, because it exists, maybe from xml file
2026-04-24 15:15:04.603 [main] ERROR c.baomidou.mybatisplus.core.MybatisConfiguration - mapper[com.example.student.mapper.CourseOfferingMapper.selectAllSemesters] is ignored, because it exists, maybe from xml file
2026-04-24 15:15:04.603 [main] ERROR c.baomidou.mybatisplus.core.MybatisConfiguration - mapper[com.example.student.mapper.CourseOfferingMapper.getClassIdByCourseOfferingId] is ignored, because it exists, maybe from xml file
2026-04-24 15:15:04.720 [main] ERROR c.baomidou.mybatisplus.core.MybatisConfiguration - mapper[com.example.student.mapper.NoticeMapper.selectPublishedNotices] is ignored, because it exists, maybe from xml file
2026-04-24 15:20:20.031 [main] ERROR c.baomidou.mybatisplus.core.MybatisConfiguration - mapper[com.example.student.mapper.AttendanceMapper.getClassesByIds] is ignored, because it exists, maybe from xml file
2026-04-24 15:20:20.032 [main] ERROR c.baomidou.mybatisplus.core.MybatisConfiguration - mapper[com.example.student.mapper.AttendanceMapper.getClassAttendanceStatisticsById] is ignored, because it exists, maybe from xml file
2026-04-24 15:20:20.102 [main] ERROR c.baomidou.mybatisplus.core.MybatisConfiguration - mapper[com.example.student.mapper.ClassMapper.selectClassList] is ignored, because it exists, maybe from xml file
2026-04-24 15:20:20.131 [main] ERROR c.baomidou.mybatisplus.core.MybatisConfiguration - mapper[com.example.student.mapper.CourseMapper.selectCourseBySemester] is ignored, because it exists, maybe from xml file
2026-04-24 15:20:20.131 [main] ERROR c.baomidou.mybatisplus.core.MybatisConfiguration - mapper[com.example.student.mapper.CourseMapper.selectCourseCountByDepartment] is ignored, because it exists, maybe from xml file
2026-04-24 15:20:20.156 [main] ERROR c.baomidou.mybatisplus.core.MybatisConfiguration - mapper[com.example.student.mapper.CourseOfferingMapper.selectAllSemesters] is ignored, because it exists, maybe from xml file
2026-04-24 15:20:20.156 [main] ERROR c.baomidou.mybatisplus.core.MybatisConfiguration - mapper[com.example.student.mapper.CourseOfferingMapper.getClassIdByCourseOfferingId] is ignored, because it exists, maybe from xml file
2026-04-24 15:20:20.314 [main] ERROR c.baomidou.mybatisplus.core.MybatisConfiguration - mapper[com.example.student.mapper.NoticeMapper.selectPublishedNotices] is ignored, because it exists, maybe from xml file
2026-04-24 15:29:51.854 [http-nio-8080-exec-3] ERROR o.a.c.c.C.[.[localhost].[/api].[dispatcherServlet] - Servlet.service() for servlet [dispatcherServlet] in context with path [/api] threw exception
org.mybatis.spring.MyBatisSystemException: null
	at org.mybatis.spring.MyBatisExceptionTranslator.translateExceptionIfPossible(MyBatisExceptionTranslator.java:97)
	at org.mybatis.spring.SqlSessionTemplate$SqlSessionInterceptor.invoke(SqlSessionTemplate.java:439)
	at jdk.proxy2/jdk.proxy2.$Proxy96.selectOne(Unknown Source)
	at org.mybatis.spring.SqlSessionTemplate.selectOne(SqlSessionTemplate.java:160)
	at com.baomidou.mybatisplus.core.override.MybatisMapperMethod.execute(MybatisMapperMethod.java:89)
	at com.baomidou.mybatisplus.core.override.MybatisMapperProxy$PlainMethodInvoker.invoke(MybatisMapperProxy.java:148)
	at com.baomidou.mybatisplus.core.override.MybatisMapperProxy.invoke(MybatisMapperProxy.java:89)
	at jdk.proxy2/jdk.proxy2.$Proxy97.selectUserByUsername(Unknown Source)
	at java.base/jdk.internal.reflect.DirectMethodHandleAccessor.invoke(DirectMethodHandleAccessor.java:103)
	at java.base/java.lang.reflect.Method.invoke(Method.java:580)
	at org.springframework.aop.support.AopUtils.invokeJoinpointUsingReflection(AopUtils.java:343)
	at org.springframework.aop.framework.ReflectiveMethodInvocation.invokeJoinpoint(ReflectiveMethodInvocation.java:196)
	at org.springframework.aop.framework.ReflectiveMethodInvocation.proceed(ReflectiveMethodInvocation.java:163)
	at org.springframework.dao.support.PersistenceExceptionTranslationInterceptor.invoke(PersistenceExceptionTranslationInterceptor.java:137)
	at org.springframework.aop.framework.ReflectiveMethodInvocation.proceed(ReflectiveMethodInvocation.java:184)
	at org.springframework.aop.framework.JdkDynamicAopProxy.invoke(JdkDynamicAopProxy.java:244)
	at jdk.proxy2/jdk.proxy2.$Proxy99.selectUserByUsername(Unknown Source)
	at com.example.student.security.UserDetailsServiceImpl.loadUserByUsername(UserDetailsServiceImpl.java:31)
	at com.example.student.filter.JwtAuthenticationFilter.doFilterInternal(JwtAuthenticationFilter.java:66)
	at org.springframework.web.filter.OncePerRequestFilter.doFilter(OncePerRequestFilter.java:116)
	at org.springframework.security.web.FilterChainProxy$VirtualFilterChain.doFilter(FilterChainProxy.java:374)
	at org.springframework.security.web.authentication.logout.LogoutFilter.doFilter(LogoutFilter.java:107)
	at org.springframework.security.web.authentication.logout.LogoutFilter.doFilter(LogoutFilter.java:93)
	at org.springframework.security.web.FilterChainProxy$VirtualFilterChain.doFilter(FilterChainProxy.java:374)
	at org.springframework.security.web.header.HeaderWriterFilter.doHeadersAfter(HeaderWriterFilter.java:90)
	at org.springframework.security.web.header.HeaderWriterFilter.doFilterInternal(HeaderWriterFilter.java:75)
	at org.springframework.web.filter.OncePerRequestFilter.doFilter(OncePerRequestFilter.java:116)
	at org.springframework.security.web.FilterChainProxy$VirtualFilterChain.doFilter(FilterChainProxy.java:374)
	at org.springframework.security.web.context.SecurityContextHolderFilter.doFilter(SecurityContextHolderFilter.java:82)
	at org.springframework.security.web.context.SecurityContextHolderFilter.doFilter(SecurityContextHolderFilter.java:69)
	at org.springframework.security.web.FilterChainProxy$VirtualFilterChain.doFilter(FilterChainProxy.java:374)
	at org.springframework.security.web.context.request.async.WebAsyncManagerIntegrationFilter.doFilterInternal(WebAsyncManagerIntegrationFilter.java:62)
	at org.springframework.web.filter.OncePerRequestFilter.doFilter(OncePerRequestFilter.java:116)
	at org.springframework.security.web.FilterChainProxy$VirtualFilterChain.doFilter(FilterChainProxy.java:374)
	at org.springframework.security.web.session.DisableEncodeUrlFilter.doFilterInternal(DisableEncodeUrlFilter.java:42)
	at org.springframework.web.filter.OncePerRequestFilter.doFilter(OncePerRequestFilter.java:116)
	at org.springframework.security.web.FilterChainProxy$VirtualFilterChain.doFilter(FilterChainProxy.java:374)
	at org.springframework.security.web.FilterChainProxy.doFilterInternal(FilterChainProxy.java:233)
	at org.springframework.security.web.FilterChainProxy.doFilter(FilterChainProxy.java:191)
	at org.springframework.web.filter.DelegatingFilterProxy.invokeDelegate(DelegatingFilterProxy.java:352)
	at org.springframework.web.filter.DelegatingFilterProxy.doFilter(DelegatingFilterProxy.java:268)
	at org.apache.catalina.core.ApplicationFilterChain.internalDoFilter(ApplicationFilterChain.java:174)
	at org.apache.catalina.core.ApplicationFilterChain.doFilter(ApplicationFilterChain.java:149)
	at org.springframework.web.filter.RequestContextFilter.doFilterInternal(RequestContextFilter.java:100)
	at org.springframework.web.filter.OncePerRequestFilter.doFilter(OncePerRequestFilter.java:116)
	at org.apache.catalina.core.ApplicationFilterChain.internalDoFilter(ApplicationFilterChain.java:174)
	at org.apache.catalina.core.ApplicationFilterChain.doFilter(ApplicationFilterChain.java:149)
	at org.springframework.web.filter.FormContentFilter.doFilterInternal(FormContentFilter.java:93)
	at org.springframework.web.filter.OncePerRequestFilter.doFilter(OncePerRequestFilter.java:116)
	at org.apache.catalina.core.ApplicationFilterChain.internalDoFilter(ApplicationFilterChain.java:174)
	at org.apache.catalina.core.ApplicationFilterChain.doFilter(ApplicationFilterChain.java:149)
	at org.springframework.web.filter.CharacterEncodingFilter.doFilterInternal(CharacterEncodingFilter.java:201)
	at org.springframework.web.filter.OncePerRequestFilter.doFilter(OncePerRequestFilter.java:116)
	at org.apache.catalina.core.ApplicationFilterChain.internalDoFilter(ApplicationFilterChain.java:174)
	at org.apache.catalina.core.ApplicationFilterChain.doFilter(ApplicationFilterChain.java:149)
	at org.apache.catalina.core.StandardWrapperValve.invoke(StandardWrapperValve.java:167)
	at org.apache.catalina.core.StandardContextValve.invoke(StandardContextValve.java:90)
	at org.apache.catalina.authenticator.AuthenticatorBase.invoke(AuthenticatorBase.java:482)
	at org.apache.catalina.core.StandardHostValve.invoke(StandardHostValve.java:115)
	at org.apache.catalina.valves.ErrorReportValve.invoke(ErrorReportValve.java:93)
	at org.apache.catalina.core.StandardEngineValve.invoke(StandardEngineValve.java:74)
	at org.apache.catalina.connector.CoyoteAdapter.service(CoyoteAdapter.java:340)
	at org.apache.coyote.http11.Http11Processor.service(Http11Processor.java:391)
	at org.apache.coyote.AbstractProcessorLight.process(AbstractProcessorLight.java:63)
	at org.apache.coyote.AbstractProtocol$ConnectionHandler.process(AbstractProtocol.java:896)
	at org.apache.tomcat.util.net.NioEndpoint$SocketProcessor.doRun(NioEndpoint.java:1744)
	at org.apache.tomcat.util.net.SocketProcessorBase.run(SocketProcessorBase.java:52)
	at org.apache.tomcat.util.threads.ThreadPoolExecutor.runWorker(ThreadPoolExecutor.java:1191)
	at org.apache.tomcat.util.threads.ThreadPoolExecutor$Worker.run(ThreadPoolExecutor.java:659)
	at org.apache.tomcat.util.threads.TaskThread$WrappingRunnable.run(TaskThread.java:61)
	at java.base/java.lang.Thread.run(Thread.java:1583)
Caused by: org.apache.ibatis.exceptions.PersistenceException: 
### Error querying database.  Cause: org.springframework.jdbc.CannotGetJdbcConnectionException: Failed to obtain JDBC Connection
### The error may exist in file [E:\Work\Code\JAVAProjects\student-management\dev\target\classes\mapper\SysUserMapper.xml]
### The error may involve com.example.student.mapper.SysUserMapper.selectUserByUsername
### The error occurred while executing a query
### Cause: org.springframework.jdbc.CannotGetJdbcConnectionException: Failed to obtain JDBC Connection
	at org.apache.ibatis.exceptions.ExceptionFactory.wrapException(ExceptionFactory.java:30)
	at org.apache.ibatis.session.defaults.DefaultSqlSession.selectList(DefaultSqlSession.java:156)
	at org.apache.ibatis.session.defaults.DefaultSqlSession.selectList(DefaultSqlSession.java:147)
	at org.apache.ibatis.session.defaults.DefaultSqlSession.selectList(DefaultSqlSession.java:142)
	at org.apache.ibatis.session.defaults.DefaultSqlSession.selectOne(DefaultSqlSession.java:75)
	at java.base/jdk.internal.reflect.DirectMethodHandleAccessor.invoke(DirectMethodHandleAccessor.java:103)
	at java.base/java.lang.reflect.Method.invoke(Method.java:580)
	at org.mybatis.spring.SqlSessionTemplate$SqlSessionInterceptor.invoke(SqlSessionTemplate.java:425)
	... 69 common frames omitted
Caused by: org.springframework.jdbc.CannotGetJdbcConnectionException: Failed to obtain JDBC Connection
	at org.springframework.jdbc.datasource.DataSourceUtils.getConnection(DataSourceUtils.java:84)
	at org.mybatis.spring.transaction.SpringManagedTransaction.openConnection(SpringManagedTransaction.java:80)
	at org.mybatis.spring.transaction.SpringManagedTransaction.getConnection(SpringManagedTransaction.java:67)
	at org.apache.ibatis.executor.BaseExecutor.getConnection(BaseExecutor.java:345)
	at org.apache.ibatis.executor.SimpleExecutor.prepareStatement(SimpleExecutor.java:89)
	at org.apache.ibatis.executor.SimpleExecutor.doQuery(SimpleExecutor.java:64)
	at org.apache.ibatis.executor.BaseExecutor.queryFromDatabase(BaseExecutor.java:333)
	at org.apache.ibatis.executor.BaseExecutor.query(BaseExecutor.java:158)
	at org.apache.ibatis.executor.CachingExecutor.query(CachingExecutor.java:110)
	at com.baomidou.mybatisplus.extension.plugins.MybatisPlusInterceptor.intercept(MybatisPlusInterceptor.java:81)
	at org.apache.ibatis.plugin.Plugin.invoke(Plugin.java:59)
	at jdk.proxy2/jdk.proxy2.$Proxy155.query(Unknown Source)
	at org.apache.ibatis.session.defaults.DefaultSqlSession.selectList(DefaultSqlSession.java:154)
	... 75 common frames omitted
Caused by: java.sql.SQLTransientConnectionException: HikariPool-1 - Connection is not available, request timed out after 30061ms.
	at com.zaxxer.hikari.pool.HikariPool.createTimeoutException(HikariPool.java:696)
	at com.zaxxer.hikari.pool.HikariPool.getConnection(HikariPool.java:181)
	at com.zaxxer.hikari.pool.HikariPool.getConnection(HikariPool.java:146)
	at com.zaxxer.hikari.HikariDataSource.getConnection(HikariDataSource.java:128)
	at org.springframework.jdbc.datasource.DataSourceUtils.fetchConnection(DataSourceUtils.java:160)
	at org.springframework.jdbc.datasource.DataSourceUtils.doGetConnection(DataSourceUtils.java:118)
	at org.springframework.jdbc.datasource.DataSourceUtils.getConnection(DataSourceUtils.java:81)
	... 87 common frames omitted
Caused by: java.sql.SQLNonTransientConnectionException: No operations allowed after connection closed.
	at com.mysql.cj.jdbc.exceptions.SQLError.createSQLException(SQLError.java:111)
	at com.mysql.cj.jdbc.exceptions.SQLError.createSQLException(SQLError.java:98)
	at com.mysql.cj.jdbc.exceptions.SQLError.createSQLException(SQLError.java:90)
	at com.mysql.cj.jdbc.exceptions.SQLError.createSQLException(SQLError.java:64)
	at com.mysql.cj.jdbc.exceptions.SQLError.createSQLException(SQLError.java:74)
	at com.mysql.cj.jdbc.exceptions.SQLExceptionsMapping.translateException(SQLExceptionsMapping.java:73)
	at com.mysql.cj.jdbc.ConnectionImpl.setNetworkTimeout(ConnectionImpl.java:2457)
	at com.zaxxer.hikari.pool.PoolBase.setNetworkTimeout(PoolBase.java:561)
	at com.zaxxer.hikari.pool.PoolBase.isConnectionDead(PoolBase.java:168)
	at com.zaxxer.hikari.pool.HikariPool.getConnection(HikariPool.java:170)
	... 92 common frames omitted
Caused by: com.mysql.cj.exceptions.ConnectionIsClosedException: No operations allowed after connection closed.
	at java.base/jdk.internal.reflect.DirectConstructorHandleAccessor.newInstance(DirectConstructorHandleAccessor.java:62)
	at java.base/java.lang.reflect.Constructor.newInstanceWithCaller(Constructor.java:502)
	at java.base/java.lang.reflect.Constructor.newInstance(Constructor.java:486)
	at com.mysql.cj.exceptions.ExceptionFactory.createException(ExceptionFactory.java:62)
	at com.mysql.cj.exceptions.ExceptionFactory.createException(ExceptionFactory.java:105)
	at com.mysql.cj.exceptions.ExceptionFactory.createException(ExceptionFactory.java:150)
	at com.mysql.cj.NativeSession.checkClosed(NativeSession.java:753)
	at com.mysql.cj.jdbc.ConnectionImpl.checkClosed(ConnectionImpl.java:565)
	at com.mysql.cj.jdbc.ConnectionImpl.setNetworkTimeout(ConnectionImpl.java:2453)
	... 95 common frames omitted
2026-04-24 15:46:01.442 [main] ERROR c.baomidou.mybatisplus.core.MybatisConfiguration - mapper[com.example.student.mapper.AttendanceMapper.getClassAttendanceStatisticsById] is ignored, because it exists, maybe from xml file
2026-04-24 15:46:01.445 [main] ERROR c.baomidou.mybatisplus.core.MybatisConfiguration - mapper[com.example.student.mapper.AttendanceMapper.getClassesByIds] is ignored, because it exists, maybe from xml file
2026-04-24 15:46:01.534 [main] ERROR c.baomidou.mybatisplus.core.MybatisConfiguration - mapper[com.example.student.mapper.ClassMapper.selectClassList] is ignored, because it exists, maybe from xml file
2026-04-24 15:46:01.586 [main] ERROR c.baomidou.mybatisplus.core.MybatisConfiguration - mapper[com.example.student.mapper.CourseMapper.selectCourseBySemester] is ignored, because it exists, maybe from xml file
2026-04-24 15:46:01.587 [main] ERROR c.baomidou.mybatisplus.core.MybatisConfiguration - mapper[com.example.student.mapper.CourseMapper.selectCourseCountByDepartment] is ignored, because it exists, maybe from xml file
2026-04-24 15:46:01.648 [main] ERROR c.baomidou.mybatisplus.core.MybatisConfiguration - mapper[com.example.student.mapper.CourseOfferingMapper.getClassIdByCourseOfferingId] is ignored, because it exists, maybe from xml file
2026-04-24 15:46:01.648 [main] ERROR c.baomidou.mybatisplus.core.MybatisConfiguration - mapper[com.example.student.mapper.CourseOfferingMapper.selectAllSemesters] is ignored, because it exists, maybe from xml file
2026-04-24 15:46:01.880 [main] ERROR c.baomidou.mybatisplus.core.MybatisConfiguration - mapper[com.example.student.mapper.NoticeMapper.selectPublishedNotices] is ignored, because it exists, maybe from xml file
2026-04-24 15:47:33.901 [http-nio-8080-exec-7] ERROR com.example.student.common.aop.LogAspect - 接口异常 [traceId:9fa417c5446f44939f7c00691f5f0a70]: 没有权限操作该课程
com.example.student.common.exception.BusinessException: 没有权限操作该课程
	at com.example.student.service.impl.TeacherServiceImpl.getTeacherCourseStudents(TeacherServiceImpl.java:259)
	at java.base/jdk.internal.reflect.DirectMethodHandleAccessor.invoke(DirectMethodHandleAccessor.java:103)
	at java.base/java.lang.reflect.Method.invoke(Method.java:580)
	at org.springframework.aop.support.AopUtils.invokeJoinpointUsingReflection(AopUtils.java:343)
	at org.springframework.aop.framework.CglibAopProxy$DynamicAdvisedInterceptor.intercept(CglibAopProxy.java:699)
	at com.example.student.service.impl.TeacherServiceImpl$$SpringCGLIB$$0.getTeacherCourseStudents(<generated>)
	at com.example.student.controller.TeacherController.getCourseStudentsNew(TeacherController.java:188)
	at java.base/jdk.internal.reflect.DirectMethodHandleAccessor.invoke(DirectMethodHandleAccessor.java:103)
	at java.base/java.lang.reflect.Method.invoke(Method.java:580)
	at org.springframework.aop.support.AopUtils.invokeJoinpointUsingReflection(AopUtils.java:343)
	at org.springframework.aop.framework.ReflectiveMethodInvocation.invokeJoinpoint(ReflectiveMethodInvocation.java:196)
	at org.springframework.aop.framework.ReflectiveMethodInvocation.proceed(ReflectiveMethodInvocation.java:163)
	at org.springframework.aop.framework.CglibAopProxy$CglibMethodInvocation.proceed(CglibAopProxy.java:751)
	at org.springframework.aop.aspectj.AspectJAfterThrowingAdvice.invoke(AspectJAfterThrowingAdvice.java:64)
	at org.springframework.aop.framework.ReflectiveMethodInvocation.proceed(ReflectiveMethodInvocation.java:184)
	at org.springframework.aop.framework.CglibAopProxy$CglibMethodInvocation.proceed(CglibAopProxy.java:751)
	at org.springframework.aop.framework.adapter.AfterReturningAdviceInterceptor.invoke(AfterReturningAdviceInterceptor.java:57)
	at org.springframework.aop.framework.ReflectiveMethodInvocation.proceed(ReflectiveMethodInvocation.java:184)
	at org.springframework.aop.framework.CglibAopProxy$CglibMethodInvocation.proceed(CglibAopProxy.java:751)
	at org.springframework.aop.framework.adapter.MethodBeforeAdviceInterceptor.invoke(MethodBeforeAdviceInterceptor.java:58)
	at org.springframework.aop.framework.ReflectiveMethodInvocation.proceed(ReflectiveMethodInvocation.java:184)
	at org.springframework.aop.framework.CglibAopProxy$CglibMethodInvocation.proceed(CglibAopProxy.java:751)
	at org.springframework.aop.aspectj.MethodInvocationProceedingJoinPoint.proceed(MethodInvocationProceedingJoinPoint.java:89)
	at com.example.student.common.aop.LogAspect.doAround(LogAspect.java:85)
	at java.base/jdk.internal.reflect.DirectMethodHandleAccessor.invoke(DirectMethodHandleAccessor.java:103)
	at java.base/java.lang.reflect.Method.invoke(Method.java:580)
	at org.springframework.aop.aspectj.AbstractAspectJAdvice.invokeAdviceMethodWithGivenArgs(AbstractAspectJAdvice.java:637)
	at org.springframework.aop.aspectj.AbstractAspectJAdvice.invokeAdviceMethod(AbstractAspectJAdvice.java:627)
	at org.springframework.aop.aspectj.AspectJAroundAdvice.invoke(AspectJAroundAdvice.java:71)
	at org.springframework.aop.framework.ReflectiveMethodInvocation.proceed(ReflectiveMethodInvocation.java:184)
	at org.springframework.aop.framework.CglibAopProxy$CglibMethodInvocation.proceed(CglibAopProxy.java:751)
	at org.springframework.security.authorization.method.AuthorizationManagerBeforeMethodInterceptor.invoke(AuthorizationManagerBeforeMethodInterceptor.java:199)
	at org.springframework.aop.framework.ReflectiveMethodInvocation.proceed(ReflectiveMethodInvocation.java:184)
	at org.springframework.aop.framework.CglibAopProxy$CglibMethodInvocation.proceed(CglibAopProxy.java:751)
	at org.springframework.aop.interceptor.ExposeInvocationInterceptor.invoke(ExposeInvocationInterceptor.java:97)
	at org.springframework.aop.framework.ReflectiveMethodInvocation.proceed(ReflectiveMethodInvocation.java:184)
	at org.springframework.aop.framework.CglibAopProxy$CglibMethodInvocation.proceed(CglibAopProxy.java:751)
	at org.springframework.aop.framework.CglibAopProxy$DynamicAdvisedInterceptor.intercept(CglibAopProxy.java:703)
	at com.example.student.controller.TeacherController$$SpringCGLIB$$0.getCourseStudentsNew(<generated>)
	at java.base/jdk.internal.reflect.DirectMethodHandleAccessor.invoke(DirectMethodHandleAccessor.java:103)
	at java.base/java.lang.reflect.Method.invoke(Method.java:580)
	at org.springframework.web.method.support.InvocableHandlerMethod.doInvoke(InvocableHandlerMethod.java:205)
	at org.springframework.web.method.support.InvocableHandlerMethod.invokeForRequest(InvocableHandlerMethod.java:150)
	at org.springframework.web.servlet.mvc.method.annotation.ServletInvocableHandlerMethod.invokeAndHandle(ServletInvocableHandlerMethod.java:118)
	at org.springframework.web.servlet.mvc.method.annotation.RequestMappingHandlerAdapter.invokeHandlerMethod(RequestMappingHandlerAdapter.java:884)
	at org.springframework.web.servlet.mvc.method.annotation.RequestMappingHandlerAdapter.handleInternal(RequestMappingHandlerAdapter.java:797)
	at org.springframework.web.servlet.mvc.method.AbstractHandlerMethodAdapter.handle(AbstractHandlerMethodAdapter.java:87)
	at org.springframework.web.servlet.DispatcherServlet.doDispatch(DispatcherServlet.java:1081)
	at org.springframework.web.servlet.DispatcherServlet.doService(DispatcherServlet.java:974)
	at org.springframework.web.servlet.FrameworkServlet.processRequest(FrameworkServlet.java:1011)
	at org.springframework.web.servlet.FrameworkServlet.doPost(FrameworkServlet.java:914)
	at jakarta.servlet.http.HttpServlet.service(HttpServlet.java:590)
	at org.springframework.web.servlet.FrameworkServlet.service(FrameworkServlet.java:885)
	at jakarta.servlet.http.HttpServlet.service(HttpServlet.java:658)
	at org.apache.catalina.core.ApplicationFilterChain.internalDoFilter(ApplicationFilterChain.java:205)
	at org.apache.catalina.core.ApplicationFilterChain.doFilter(ApplicationFilterChain.java:149)
	at org.apache.tomcat.websocket.server.WsFilter.doFilter(WsFilter.java:51)
	at org.apache.catalina.core.ApplicationFilterChain.internalDoFilter(ApplicationFilterChain.java:174)
	at org.apache.catalina.core.ApplicationFilterChain.doFilter(ApplicationFilterChain.java:149)
	at org.springframework.web.filter.CorsFilter.doFilterInternal(CorsFilter.java:91)
	at org.springframework.web.filter.OncePerRequestFilter.doFilter(OncePerRequestFilter.java:116)
	at org.apache.catalina.core.ApplicationFilterChain.internalDoFilter(ApplicationFilterChain.java:174)
	at org.apache.catalina.core.ApplicationFilterChain.doFilter(ApplicationFilterChain.java:149)
	at org.springframework.web.filter.OncePerRequestFilter.doFilter(OncePerRequestFilter.java:110)
	at org.apache.catalina.core.ApplicationFilterChain.internalDoFilter(ApplicationFilterChain.java:174)
	at org.apache.catalina.core.ApplicationFilterChain.doFilter(ApplicationFilterChain.java:149)
	at org.springframework.security.web.FilterChainProxy.lambda$doFilterInternal$3(FilterChainProxy.java:231)
	at org.springframework.security.web.FilterChainProxy$VirtualFilterChain.doFilter(FilterChainProxy.java:365)
	at org.springframework.security.web.access.intercept.AuthorizationFilter.doFilter(AuthorizationFilter.java:100)
	at org.springframework.security.web.FilterChainProxy$VirtualFilterChain.doFilter(FilterChainProxy.java:374)
	at org.springframework.security.web.access.ExceptionTranslationFilter.doFilter(ExceptionTranslationFilter.java:126)
	at org.springframework.security.web.access.ExceptionTranslationFilter.doFilter(ExceptionTranslationFilter.java:120)
	at org.springframework.security.web.FilterChainProxy$VirtualFilterChain.doFilter(FilterChainProxy.java:374)
	at org.springframework.security.web.session.SessionManagementFilter.doFilter(SessionManagementFilter.java:131)
	at org.springframework.security.web.session.SessionManagementFilter.doFilter(SessionManagementFilter.java:85)
	at org.springframework.security.web.FilterChainProxy$VirtualFilterChain.doFilter(FilterChainProxy.java:374)
	at org.springframework.security.web.authentication.AnonymousAuthenticationFilter.doFilter(AnonymousAuthenticationFilter.java:100)
	at org.springframework.security.web.FilterChainProxy$VirtualFilterChain.doFilter(FilterChainProxy.java:374)
	at org.springframework.security.web.servletapi.SecurityContextHolderAwareRequestFilter.doFilter(SecurityContextHolderAwareRequestFilter.java:179)
	at org.springframework.security.web.FilterChainProxy$VirtualFilterChain.doFilter(FilterChainProxy.java:374)
	at org.springframework.security.web.savedrequest.RequestCacheAwareFilter.doFilter(RequestCacheAwareFilter.java:63)
	at org.springframework.security.web.FilterChainProxy$VirtualFilterChain.doFilter(FilterChainProxy.java:374)
	at com.example.student.filter.JwtAuthenticationFilter.doFilterInternal(JwtAuthenticationFilter.java:108)
	at org.springframework.web.filter.OncePerRequestFilter.doFilter(OncePerRequestFilter.java:116)
	at org.springframework.security.web.FilterChainProxy$VirtualFilterChain.doFilter(FilterChainProxy.java:374)
	at org.springframework.security.web.authentication.logout.LogoutFilter.doFilter(LogoutFilter.java:107)
	at org.springframework.security.web.authentication.logout.LogoutFilter.doFilter(LogoutFilter.java:93)
	at org.springframework.security.web.FilterChainProxy$VirtualFilterChain.doFilter(FilterChainProxy.java:374)
	at org.springframework.security.web.header.HeaderWriterFilter.doHeadersAfter(HeaderWriterFilter.java:90)
	at org.springframework.security.web.header.HeaderWriterFilter.doFilterInternal(HeaderWriterFilter.java:75)
	at org.springframework.web.filter.OncePerRequestFilter.doFilter(OncePerRequestFilter.java:116)
	at org.springframework.security.web.FilterChainProxy$VirtualFilterChain.doFilter(FilterChainProxy.java:374)
	at org.springframework.security.web.context.SecurityContextHolderFilter.doFilter(SecurityContextHolderFilter.java:82)
	at org.springframework.security.web.context.SecurityContextHolderFilter.doFilter(SecurityContextHolderFilter.java:69)
	at org.springframework.security.web.FilterChainProxy$VirtualFilterChain.doFilter(FilterChainProxy.java:374)
	at org.springframework.security.web.context.request.async.WebAsyncManagerIntegrationFilter.doFilterInternal(WebAsyncManagerIntegrationFilter.java:62)
	at org.springframework.web.filter.OncePerRequestFilter.doFilter(OncePerRequestFilter.java:116)
	at org.springframework.security.web.FilterChainProxy$VirtualFilterChain.doFilter(FilterChainProxy.java:374)
	at org.springframework.security.web.session.DisableEncodeUrlFilter.doFilterInternal(DisableEncodeUrlFilter.java:42)
	at org.springframework.web.filter.OncePerRequestFilter.doFilter(OncePerRequestFilter.java:116)
	at org.springframework.security.web.FilterChainProxy$VirtualFilterChain.doFilter(FilterChainProxy.java:374)
	at org.springframework.security.web.FilterChainProxy.doFilterInternal(FilterChainProxy.java:233)
	at org.springframework.security.web.FilterChainProxy.doFilter(FilterChainProxy.java:191)
	at org.springframework.web.filter.DelegatingFilterProxy.invokeDelegate(DelegatingFilterProxy.java:352)
	at org.springframework.web.filter.DelegatingFilterProxy.doFilter(DelegatingFilterProxy.java:268)
	at org.apache.catalina.core.ApplicationFilterChain.internalDoFilter(ApplicationFilterChain.java:174)
	at org.apache.catalina.core.ApplicationFilterChain.doFilter(ApplicationFilterChain.java:149)
	at org.springframework.web.filter.RequestContextFilter.doFilterInternal(RequestContextFilter.java:100)
	at org.springframework.web.filter.OncePerRequestFilter.doFilter(OncePerRequestFilter.java:116)
	at org.apache.catalina.core.ApplicationFilterChain.internalDoFilter(ApplicationFilterChain.java:174)
	at org.apache.catalina.core.ApplicationFilterChain.doFilter(ApplicationFilterChain.java:149)
	at org.springframework.web.filter.FormContentFilter.doFilterInternal(FormContentFilter.java:93)
	at org.springframework.web.filter.OncePerRequestFilter.doFilter(OncePerRequestFilter.java:116)
	at org.apache.catalina.core.ApplicationFilterChain.internalDoFilter(ApplicationFilterChain.java:174)
	at org.apache.catalina.core.ApplicationFilterChain.doFilter(ApplicationFilterChain.java:149)
	at org.springframework.web.filter.CharacterEncodingFilter.doFilterInternal(CharacterEncodingFilter.java:201)
	at org.springframework.web.filter.OncePerRequestFilter.doFilter(OncePerRequestFilter.java:116)
	at org.apache.catalina.core.ApplicationFilterChain.internalDoFilter(ApplicationFilterChain.java:174)
	at org.apache.catalina.core.ApplicationFilterChain.doFilter(ApplicationFilterChain.java:149)
	at org.apache.catalina.core.StandardWrapperValve.invoke(StandardWrapperValve.java:167)
	at org.apache.catalina.core.StandardContextValve.invoke(StandardContextValve.java:90)
	at org.apache.catalina.authenticator.AuthenticatorBase.invoke(AuthenticatorBase.java:482)
	at org.apache.catalina.core.StandardHostValve.invoke(StandardHostValve.java:115)
	at org.apache.catalina.valves.ErrorReportValve.invoke(ErrorReportValve.java:93)
	at org.apache.catalina.core.StandardEngineValve.invoke(StandardEngineValve.java:74)
	at org.apache.catalina.connector.CoyoteAdapter.service(CoyoteAdapter.java:340)
	at org.apache.coyote.http11.Http11Processor.service(Http11Processor.java:391)
	at org.apache.coyote.AbstractProcessorLight.process(AbstractProcessorLight.java:63)
	at org.apache.coyote.AbstractProtocol$ConnectionHandler.process(AbstractProtocol.java:896)
	at org.apache.tomcat.util.net.NioEndpoint$SocketProcessor.doRun(NioEndpoint.java:1744)
	at org.apache.tomcat.util.net.SocketProcessorBase.run(SocketProcessorBase.java:52)
	at org.apache.tomcat.util.threads.ThreadPoolExecutor.runWorker(ThreadPoolExecutor.java:1191)
	at org.apache.tomcat.util.threads.ThreadPoolExecutor$Worker.run(ThreadPoolExecutor.java:659)
	at org.apache.tomcat.util.threads.TaskThread$WrappingRunnable.run(TaskThread.java:61)
	at java.base/java.lang.Thread.run(Thread.java:1583)
2026-04-24 15:47:33.907 [http-nio-8080-exec-7] ERROR c.e.s.c.exception.CommonGlobalExceptionHandler - 业务异常: 没有权限操作该课程
